azLast login: Wed Oct 14 21:34:43 on ttys000
Azras-MacBook-Air:~ azrasarak$ cd desktop 
Azras-MacBook-Air:desktop azrasarak$ cd DiceGame
Azras-MacBook-Air:DiceGame azrasarak$ ls
assets		dice.js		dicegame.css	dicegame.html
Azras-MacBook-Air:DiceGame azrasarak$ git stati 
git: 'stati' is not a git command. See 'git --help'.

The most similar command is
	status
Azras-MacBook-Air:DiceGame azrasarak$ git status
On branch master

No commits yet

Untracked files:
  (use "git add <file>..." to include in what will be committed)

	.DS_Store
	assets/
	dice.js
	dicegame.css
	dicegame.html

nothing added to commit but untracked files present (use "git add" to track)
Azras-MacBook-Air:DiceGame azrasarak$ git init 
Reinitialized existing Git repository in /Users/azrasarak/Desktop/DiceGame/.git/
Azras-MacBook-Air:DiceGame azrasarak$ git status 
On branch master

No commits yet

Untracked files:
  (use "git add <file>..." to include in what will be committed)

	.DS_Store
	assets/
	dice.js
	dicegame.css
	dicegame.html

nothing added to commit but untracked files present (use "git add" to track)
Azras-MacBook-Air:DiceGame azrasarak$ git add . 
Azras-MacBook-Air:DiceGame azrasarak$ git status 
On branch master

No commits yet

Changes to be committed:
  (use "git rm --cached <file>..." to unstage)

	new file:   .DS_Store
	new file:   assets/dice1.png
	new file:   assets/dice2.png
	new file:   assets/dice3.png
	new file:   assets/dice4.png
	new file:   assets/dice5.png
	new file:   assets/dice6.png
	new file:   dice.js
	new file:   dicegame.css
	new file:   dicegame.html

Azras-MacBook-Air:DiceGame azrasarak$ git commit -m "added images"
[master (root-commit) fac8500] added images
 Committer: Azra Sarak <azrasarak@Azras-MacBook-Air.local>
Your name and email address were configured automatically based
on your username and hostname. Please check that they are accurate.
You can suppress this message by setting them explicitly:

    git config --global user.name "Your Name"
    git config --global user.email you@example.com

After doing this, you may fix the identity used for this commit with:

    git commit --amend --reset-author

 10 files changed, 47 insertions(+)
 create mode 100644 .DS_Store
 create mode 100755 assets/dice1.png
 create mode 100755 assets/dice2.png
 create mode 100755 assets/dice3.png
 create mode 100755 assets/dice4.png
 create mode 100755 assets/dice5.png
 create mode 100755 assets/dice6.png
 create mode 100644 dice.js
 create mode 100644 dicegame.css
 create mode 100644 dicegame.html
Azras-MacBook-Air:DiceGame azrasarak$ git remote add origin https://github.com/azrasarak/dicegame.git
fatal: remote origin already exists.
Azras-MacBook-Air:DiceGame azrasarak$ git branch -M main
Azras-MacBook-Air:DiceGame azrasarak$ git push -u origin main
Enumerating objects: 13, done.
Counting objects: 100% (13/13), done.
Delta compression using up to 4 threads
Compressing objects: 100% (13/13), done.
Writing objects: 100% (13/13), 343.74 KiB | 20.22 MiB/s, done.
Total 13 (delta 0), reused 0 (delta 0)
To https://github.com/azrasarak/dicegame.git
 * [new branch]      main -> main
Branch 'main' set up to track remote branch 'main' from 'origin'.
Azras-MacBook-Air:DiceGame azrasarak$ 
